[2016-04-07 02:38:43] Test.INFO: Test input [] []
[2016-04-07 02:38:43] Test.INFO: Test out put [] []
[2016-04-07 02:38:59] Test.INFO: Test input [] []
[2016-04-07 02:38:59] Test.INFO: Test out put [] []
